
[1m[46m RUN [49m[22m [36mv4.0.16 [39m[90mC:/Users/amada/OneDrive/├ürea de Trabalho/Ecommerce Ly Vest[39m

 [31mÔØ»[39m src/__tests__/utils.test.ts [2m([22m[2m13 tests[22m[2m | [22m[31m5 failed[39m[2m)[22m[32m 93[2mms[22m[39m
       [32mÔ£ô[39m formatCurrency should format BRL correctly[32m 41[2mms[22m[39m
       [32mÔ£ô[39m formatNumber should format with separators[32m 1[2mms[22m[39m
       [32mÔ£ô[39m formatPercent should format percentages[32m 1[2mms[22m[39m
[31m       [31m├ù[31m formatCEP should mask correctly[39m[32m 4[2mms[22m[39m
[31m       [31m├ù[31m formatPhone should mask correctly[39m[32m 1[2mms[22m[39m
[31m       [31m├ù[31m formatDocument should mask CPF/CNPJ[39m[32m 0[2mms[22m[39m
[31m       [31m├ù[31m formatCardNumber should group digits[39m[32m 0[2mms[22m[39m
       [32mÔ£ô[39m should generate url-friendly slugs[32m 0[2mms[22m[39m
         [32mÔ£ô[39m should validate correct login[32m 2[2mms[22m[39m
         [32mÔ£ô[39m should reject invalid email[32m 1[2mms[22m[39m
         [32mÔ£ô[39m should reject short password[32m 0[2mms[22m[39m
[31m         [31m├ù[31m should validate correct card[39m[32m 39[2mms[22m[39m
         [32mÔ£ô[39m should reject invalid expiry[32m 1[2mms[22m[39m

[2m Test Files [22m [1m[31m1 failed[39m[22m[90m (1)[39m
[2m      Tests [22m [1m[31m5 failed[39m[22m[2m | [22m[1m[32m8 passed[39m[22m[90m (13)[39m
[2m   Start at [22m 16:16:35
[2m   Duration [22m 608ms[2m (transform 112ms, setup 160ms, import 106ms, tests 93ms, environment 0ms)[22m

